
> pest-dete@0.1.0 build
> next build

   Γû▓ Next.js 15.2.4
   - Environments: .env

   Creating an optimized production build ...
node.exe : Failed to 
compile.
At C:\Program Files\nod
ejs\npm.ps1:29 char:3
+   & $NODE_EXE 
$NPM_CLI_JS $args
+   ~~~~~~~~~~~~~~~~~~~
~~~~~~~~~~
    + CategoryInfo     
         : NotSpecifi  
  ed: (Failed to com   
 pile.:String) [],     
RemoteException
    + FullyQualifiedEr 
   rorId : NativeComm  
  andError
 

src\app\layout.tsx
`next/font` error:
Unknown subset `tamil` 
for font `Noto Sans`.
Available subsets: 
`cyrillic`, 
`cyrillic-ext`, 
`devanagari`, `greek`, 
`greek-ext`, `latin`, 
`latin-ext`, 
`vietnamese`


> Build failed because 
of webpack errors
